// Jest Snapshot v1, https://goo.gl/fbAQLP

exports[`allow VariationSelectors by default [對熊]埃爾斯特西之森林Part6[要注意⚠️] 1`] = `"[對熊]埃爾斯特西之森林Part6[要注意⚠️]"`;

exports[`allow VariationSelectors by default [對熊]埃爾斯特西之森林Part6[要注意⚠️] 2`] = `24`;

exports[`allow VariationSelectors by default [對熊]埃爾斯特西之森林Part6[要注意⚠️] 3`] = `"[對熊]埃爾斯特西之森林Part6[要注意⚠]"`;

exports[`allow VariationSelectors by default [對熊]埃爾斯特西之森林Part6[要注意⚠️] 4`] = `23`;

exports[`demo  1`] = `1`;

exports[`demo  2`] = `""`;

exports[`demo  3`] = `1`;

exports[`demo  4`] = `""`;

exports[`demo  5`] = `1`;

exports[`demo 000c 1`] = `4`;

exports[`demo 000c 2`] = `"000c"`;

exports[`demo 000c 3`] = `4`;

exports[`demo 000c 4`] = `"000c"`;

exports[`demo 000c 5`] = `4`;

exports[`demo 1⁠2 1`] = `3`;

exports[`demo 1⁠2 2`] = `"12"`;

exports[`demo 1⁠2 3`] = `2`;

exports[`demo 1⁠2 4`] = `"12"`;

exports[`demo 1⁠2 5`] = `2`;

exports[`demo ​ 1`] = `1`;

exports[`demo ​ 2`] = `""`;

exports[`demo ​ 3`] = `0`;

exports[`demo ​ 4`] = `""`;

exports[`demo ​ 5`] = `0`;

exports[`demo ‎ 1`] = `1`;

exports[`demo ‎ 2`] = `""`;

exports[`demo ‎ 3`] = `0`;

exports[`demo ‎ 4`] = `""`;

exports[`demo ‎ 5`] = `0`;

exports[`demo ‏ 1`] = `1`;

exports[`demo ‏ 2`] = `""`;

exports[`demo ‏ 3`] = `0`;

exports[`demo ‏ 4`] = `""`;

exports[`demo ‏ 5`] = `0`;

exports[`demo 󠄀
	  　	 1`] = `11`;

exports[`demo 󠄀
	  　	 2`] = `
"󠄀

	  　	"
`;

exports[`demo 󠄀
	  　	 3`] = `11`;

exports[`demo 󠄀
	  　	 4`] = `
"

	  　	"
`;

exports[`demo 󠄀
	  　	 5`] = `9`;

exports[`demo ﻿ 1`] = `1`;

exports[`demo ﻿ 2`] = `""`;

exports[`demo ﻿ 3`] = `0`;

exports[`demo ﻿ 4`] = `""`;

exports[`demo ﻿ 5`] = `0`;

exports[`keep source 👩‍👩‍👧‍👦 1`] = `"👩‍👩‍👧‍👦"`;

exports[`keep source 👩‍👩‍👧‍👦 2`] = `11`;

exports[`keep source 👩‍👩‍👧‍👦 3`] = `"👩👩👧👦"`;

exports[`keep source 👩‍👩‍👧‍👦 4`] = `8`;
